// Vitest Snapshot v1

exports[`SizeInput Component > should render correctly 1`] = `
<body>
  <div>
    <div
      class="md:w-1/2 lg:w-1/3 font-light"
    >
      <label
        class="text-sm font-medium text-gray-900 dark:text-gray-300 block mb-2"
        for="size input"
      >
        size input
      </label>
      
      <!--&lt;Label&gt;-->
       
       
      <input
        class="block w-full disabled:cursor-not-allowed disabled:opacity-50 p-2.5 focus:ring-green-500 focus:border-green-500 dark:focus:border-green-500 dark:focus:ring-green-500 bg-green-50 text-green-900 placeholder-green-700 dark:text-green-400 dark:placeholder-green-500 dark:bg-gray-700 border-green-500 dark:border-green-400 text-sm rounded-lg"
        id="size input"
        max="1000000000"
        min="1"
        placeholder="better input an interger between 1 to 10000000"
        type="number"
      />
       
      
      
      <!--&lt;Wrapper&gt;-->
      <!--&lt;Input&gt;-->
      <!--&lt;NumberInput&gt;-->
       
    </div>
    <!--&lt;SizeInput&gt;-->
  </div>
</body>
`;
